\BOOKMARK [1][-]{section.1}{实验目的}{}% 1
\BOOKMARK [1][-]{section.2}{实验要求}{}% 2
\BOOKMARK [1][-]{section.3}{实验内容}{}% 3
\BOOKMARK [2][-]{subsection.3.1}{编写用于中断处理的现场保护和现场恢复的汇编过程}{section.3}% 4
\BOOKMARK [2][-]{subsection.3.2}{重写和扩展实验三的的内核程序}{section.3}% 5
\BOOKMARK [2][-]{subsection.3.3}{实现部分基本输入输出库过程}{section.3}% 6
\BOOKMARK [2][-]{subsection.3.4}{执行调用自己设计的库过程的程序}{section.3}% 7
\BOOKMARK [1][-]{section.4}{实验原理}{}% 8
\BOOKMARK [2][-]{subsection.4.1}{中断}{section.4}% 9
\BOOKMARK [2][-]{subsection.4.2}{中断术语}{section.4}% 10
\BOOKMARK [2][-]{subsection.4.3}{中断处理的过程}{section.4}% 11
\BOOKMARK [1][-]{section.5}{实验过程}{}% 12
\BOOKMARK [2][-]{subsection.5.1}{编写中断向量操作程序}{section.5}% 13
\BOOKMARK [2][-]{subsection.5.2}{时钟中断的响应处理程序}{section.5}% 14
\BOOKMARK [2][-]{subsection.5.3}{键盘中断的响应处理程序}{section.5}% 15
\BOOKMARK [2][-]{subsection.5.4}{修改内核和用户程序}{section.5}% 16
\BOOKMARK [2][-]{subsection.5.5}{扩展内核程序-实时显示时间}{section.5}% 17
\BOOKMARK [2][-]{subsection.5.6}{软盘扇区安排}{section.5}% 18
\BOOKMARK [2][-]{subsection.5.7}{镜像文件生成}{section.5}% 19
\BOOKMARK [1][-]{section.6}{程序使用说明}{}% 20
\BOOKMARK [2][-]{subsection.6.1}{实验环境}{section.6}% 21
\BOOKMARK [2][-]{subsection.6.2}{编译方法}{section.6}% 22
\BOOKMARK [2][-]{subsection.6.3}{运行与演示}{section.6}% 23
\BOOKMARK [1][-]{section.7}{总结与讨论}{}% 24
\BOOKMARK [2][-]{subsection.7.1}{特色,不足与改进}{section.7}% 25
\BOOKMARK [2][-]{subsection.7.2}{收获}{section.7}% 26
\BOOKMARK [2][-]{subsection.7.3}{遇到的问题和感想}{section.7}% 27
\BOOKMARK [1][-]{section.8}{附录}{}% 28
